Component: ARM Compiler 5.06 update 7 (build 960) Tool: armlink [4d3601]

==============================================================================

Section Cross References

    principal.o(i.Initialisation) refers to servomtr.o(i.Init_SERVOMTR) for Init_SERVOMTR
    principal.o(i.Initialisation) refers to girouette.o(i.Conf_Girouette) for Conf_Girouette
    principal.o(i.main) refers to principal.o(i.Initialisation) for Initialisation
    principal.o(i.main) refers to girouette.o(i.Get_Angle_Girouette) for Get_Angle_Girouette
    principal.o(i.main) refers to servomtr.o(i.Commande_SERVOMTR) for Commande_SERVOMTR
    principal.o(i.main) refers to principal.o(.data) for angle
    girouette.o(i.Conf_Girouette) refers to girouette.o(i.TIMER_Config) for TIMER_Config
    girouette.o(i.GPIO_Config) refers to gpio.o(i.MyGPIO_Init) for MyGPIO_Init
    girouette.o(i.GPIO_Config) refers to girouette.o(.constdata) for .constdata
    girouette.o(i.TIMER_Config) refers to girouette.o(i.GPIO_Config) for GPIO_Config
    girouette.o(i.TIMER_Config) refers to timer.o(i.MyTimer_Base_Init) for MyTimer_Base_Init
    girouette.o(i.TIMER_Config) refers to girouette.o(.data) for MTIM2
    gpio.o(i.MyGPIO_Toggle) refers to gpio.o(i.MyGPIO_Read) for MyGPIO_Read
    gpio.o(i.MyGPIO_Toggle) refers to gpio.o(i.MyGPIO_Reset) for MyGPIO_Reset
    gpio.o(i.MyGPIO_Toggle) refers to gpio.o(i.MyGPIO_Set) for MyGPIO_Set
    servomtr.o(i.Commande_SERVOMTR) refers to servomtr.o(i.Calcul_DutyCycle_SERVOMTR) for Calcul_DutyCycle_SERVOMTR
    servomtr.o(i.Commande_SERVOMTR) refers to timer.o(i.Timer_PWM_DutyCycle_Fix) for Timer_PWM_DutyCycle_Fix
    servomtr.o(i.Init_SERVOMTR) refers to gpio.o(i.MyGPIO_Init) for MyGPIO_Init
    servomtr.o(i.Init_SERVOMTR) refers to timer.o(i.MyTimer_Base_Init) for MyTimer_Base_Init
    servomtr.o(i.Init_SERVOMTR) refers to timer.o(i.Timer_PWM_Init) for Timer_PWM_Init
    servomtr.o(i.Init_SERVOMTR) refers to servomtr.o(.data) for GPA6
    timer.o(i.MyTimer_Active_IT) refers to timer.o(i.__NVIC_EnableIRQ) for __NVIC_EnableIRQ
    timer.o(i.MyTimer_Active_IT) refers to timer.o(i.__NVIC_SetPriority) for __NVIC_SetPriority
    timer.o(i.MyTimer_Active_IT) refers to timer.o(.data) for p_function
    timer.o(i.TIM1_UP_IRQHandler) refers to timer.o(.data) for p_function
    timer.o(i.TIM2_IRQHandler) refers to timer.o(.data) for p_function
    timer.o(i.TIM3_IRQHandler) refers to timer.o(.data) for p_function
    timer.o(i.TIM4_IRQHandler) refers to timer.o(.data) for p_function
    startup_stm32f10x_md.o(RESET) refers to startup_stm32f10x_md.o(STACK) for __initial_sp
    startup_stm32f10x_md.o(RESET) refers to startup_stm32f10x_md.o(.text) for Reset_Handler
    startup_stm32f10x_md.o(RESET) refers to timer.o(i.TIM1_UP_IRQHandler) for TIM1_UP_IRQHandler
    startup_stm32f10x_md.o(RESET) refers to timer.o(i.TIM2_IRQHandler) for TIM2_IRQHandler
    startup_stm32f10x_md.o(RESET) refers to timer.o(i.TIM3_IRQHandler) for TIM3_IRQHandler
    startup_stm32f10x_md.o(RESET) refers to timer.o(i.TIM4_IRQHandler) for TIM4_IRQHandler
    startup_stm32f10x_md.o(.text) refers to system_stm32f10x.o(i.SystemInit) for SystemInit
    startup_stm32f10x_md.o(.text) refers to entry.o(.ARM.Collect$$$$00000000) for __main
    system_stm32f10x.o(i.SetSysClock) refers to system_stm32f10x.o(i.SetSysClockTo72) for SetSysClockTo72
    system_stm32f10x.o(i.SystemCoreClockUpdate) refers to system_stm32f10x.o(.data) for SystemCoreClock
    system_stm32f10x.o(i.SystemInit) refers to system_stm32f10x.o(i.SetSysClock) for SetSysClock
    entry.o(.ARM.Collect$$$$00000000) refers (Special) to entry10a.o(.ARM.Collect$$$$0000000F) for __rt_final_cpp
    entry.o(.ARM.Collect$$$$00000000) refers (Special) to entry11a.o(.ARM.Collect$$$$00000011) for __rt_final_exit
    entry.o(.ARM.Collect$$$$00000000) refers (Special) to entry12b.o(.ARM.Collect$$$$0000000E) for __rt_lib_shutdown_fini
    entry.o(.ARM.Collect$$$$00000000) refers (Special) to entry7b.o(.ARM.Collect$$$$00000008) for _main_clock
    entry.o(.ARM.Collect$$$$00000000) refers (Special) to entry8b.o(.ARM.Collect$$$$0000000A) for _main_cpp_init
    entry.o(.ARM.Collect$$$$00000000) refers (Special) to entry9a.o(.ARM.Collect$$$$0000000B) for _main_init
    entry.o(.ARM.Collect$$$$00000000) refers (Special) to entry5.o(.ARM.Collect$$$$00000004) for _main_scatterload
    entry.o(.ARM.Collect$$$$00000000) refers (Special) to entry2.o(.ARM.Collect$$$$00000001) for _main_stk
    entry2.o(.ARM.Collect$$$$00000001) refers to entry2.o(.ARM.Collect$$$$00002712) for __lit__00000000
    entry2.o(.ARM.Collect$$$$00002712) refers to startup_stm32f10x_md.o(STACK) for __initial_sp
    entry2.o(__vectab_stack_and_reset_area) refers to startup_stm32f10x_md.o(STACK) for __initial_sp
    entry2.o(__vectab_stack_and_reset_area) refers to entry.o(.ARM.Collect$$$$00000000) for __main
    entry5.o(.ARM.Collect$$$$00000004) refers to init.o(.text) for __scatterload
    entry9a.o(.ARM.Collect$$$$0000000B) refers to principal.o(i.main) for main
    entry9b.o(.ARM.Collect$$$$0000000C) refers to principal.o(i.main) for main
    init.o(.text) refers to entry5.o(.ARM.Collect$$$$00000004) for __main_after_scatterload


==============================================================================

Removing Unused input sections from the image.

    Removing principal.o(.rev16_text), (4 bytes).
    Removing principal.o(.revsh_text), (4 bytes).
    Removing principal.o(.rrx_text), (6 bytes).
    Removing girouette.o(.rev16_text), (4 bytes).
    Removing girouette.o(.revsh_text), (4 bytes).
    Removing girouette.o(.rrx_text), (6 bytes).
    Removing gpio.o(.rev16_text), (4 bytes).
    Removing gpio.o(.revsh_text), (4 bytes).
    Removing gpio.o(.rrx_text), (6 bytes).
    Removing gpio.o(i.MyGPIO_Read), (14 bytes).
    Removing gpio.o(i.MyGPIO_Reset), (12 bytes).
    Removing gpio.o(i.MyGPIO_Set), (12 bytes).
    Removing gpio.o(i.MyGPIO_Toggle), (36 bytes).
    Removing servomtr.o(.rev16_text), (4 bytes).
    Removing servomtr.o(.revsh_text), (4 bytes).
    Removing servomtr.o(.rrx_text), (6 bytes).
    Removing timer.o(.rev16_text), (4 bytes).
    Removing timer.o(.revsh_text), (4 bytes).
    Removing timer.o(.rrx_text), (6 bytes).
    Removing timer.o(i.MyTimer_Active_IT), (116 bytes).
    Removing timer.o(i.__NVIC_EnableIRQ), (34 bytes).
    Removing timer.o(i.__NVIC_SetPriority), (40 bytes).
    Removing startup_stm32f10x_md.o(HEAP), (512 bytes).
    Removing system_stm32f10x.o(.rev16_text), (4 bytes).
    Removing system_stm32f10x.o(.revsh_text), (4 bytes).
    Removing system_stm32f10x.o(.rrx_text), (6 bytes).
    Removing system_stm32f10x.o(i.SystemCoreClockUpdate), (164 bytes).
    Removing system_stm32f10x.o(.data), (20 bytes).

28 unused section(s) (total 1044 bytes) removed from the image.

==============================================================================

Image Symbol Table

    Local Symbols

    Symbol Name                              Value     Ov Type        Size  Object(Section)

    ../clib/microlib/init/entry.s            0x00000000   Number         0  entry11a.o ABSOLUTE
    ../clib/microlib/init/entry.s            0x00000000   Number         0  entry10b.o ABSOLUTE
    ../clib/microlib/init/entry.s            0x00000000   Number         0  entry10a.o ABSOLUTE
    ../clib/microlib/init/entry.s            0x00000000   Number         0  entry9b.o ABSOLUTE
    ../clib/microlib/init/entry.s            0x00000000   Number         0  entry2.o ABSOLUTE
    ../clib/microlib/init/entry.s            0x00000000   Number         0  entry5.o ABSOLUTE
    ../clib/microlib/init/entry.s            0x00000000   Number         0  entry9a.o ABSOLUTE
    ../clib/microlib/init/entry.s            0x00000000   Number         0  entry11b.o ABSOLUTE
    ../clib/microlib/init/entry.s            0x00000000   Number         0  entry8b.o ABSOLUTE
    ../clib/microlib/init/entry.s            0x00000000   Number         0  entry8a.o ABSOLUTE
    ../clib/microlib/init/entry.s            0x00000000   Number         0  entry7b.o ABSOLUTE
    ../clib/microlib/init/entry.s            0x00000000   Number         0  entry7a.o ABSOLUTE
    ../clib/microlib/init/entry.s            0x00000000   Number         0  entry.o ABSOLUTE
    ../clib/microlib/init/entry.s            0x00000000   Number         0  entry12a.o ABSOLUTE
    ../clib/microlib/init/entry.s            0x00000000   Number         0  entry12b.o ABSOLUTE
    Girouette.c                              0x00000000   Number         0  girouette.o ABSOLUTE
    Girouette.c                              0x00000000   Number         0  girouette.o ABSOLUTE
    RTE\Device\STM32F103RB\startup_stm32f10x_md.s 0x00000000   Number         0  startup_stm32f10x_md.o ABSOLUTE
    RTE\Device\STM32F103RB\system_stm32f10x.c 0x00000000   Number         0  system_stm32f10x.o ABSOLUTE
    RTE\\Device\\STM32F103RB\\system_stm32f10x.c 0x00000000   Number         0  system_stm32f10x.o ABSOLUTE
    Source\GPIO.c                            0x00000000   Number         0  gpio.o ABSOLUTE
    Source\Principal.c                       0x00000000   Number         0  principal.o ABSOLUTE
    Source\ServoMtr.c                        0x00000000   Number         0  servomtr.o ABSOLUTE
    Source\Timer.c                           0x00000000   Number         0  timer.o ABSOLUTE
    Source\\GPIO.c                           0x00000000   Number         0  gpio.o ABSOLUTE
    Source\\Principal.c                      0x00000000   Number         0  principal.o ABSOLUTE
    Source\\ServoMtr.c                       0x00000000   Number         0  servomtr.o ABSOLUTE
    Source\\Timer.c                          0x00000000   Number         0  timer.o ABSOLUTE
    dc.s                                     0x00000000   Number         0  dc.o ABSOLUTE
    handlers.s                               0x00000000   Number         0  handlers.o ABSOLUTE
    init.s                                   0x00000000   Number         0  init.o ABSOLUTE
    RESET                                    0x08000000   Section      236  startup_stm32f10x_md.o(RESET)
    .ARM.Collect$$$$00000000                 0x080000ec   Section        0  entry.o(.ARM.Collect$$$$00000000)
    .ARM.Collect$$$$00000001                 0x080000ec   Section        4  entry2.o(.ARM.Collect$$$$00000001)
    .ARM.Collect$$$$00000004                 0x080000f0   Section        4  entry5.o(.ARM.Collect$$$$00000004)
    .ARM.Collect$$$$00000008                 0x080000f4   Section        0  entry7b.o(.ARM.Collect$$$$00000008)
    .ARM.Collect$$$$0000000A                 0x080000f4   Section        0  entry8b.o(.ARM.Collect$$$$0000000A)
    .ARM.Collect$$$$0000000B                 0x080000f4   Section        8  entry9a.o(.ARM.Collect$$$$0000000B)
    .ARM.Collect$$$$0000000E                 0x080000fc   Section        4  entry12b.o(.ARM.Collect$$$$0000000E)
    .ARM.Collect$$$$0000000F                 0x08000100   Section        0  entry10a.o(.ARM.Collect$$$$0000000F)
    .ARM.Collect$$$$00000011                 0x08000100   Section        0  entry11a.o(.ARM.Collect$$$$00000011)
    .ARM.Collect$$$$00002712                 0x08000100   Section        4  entry2.o(.ARM.Collect$$$$00002712)
    __lit__00000000                          0x08000100   Data           4  entry2.o(.ARM.Collect$$$$00002712)
    .text                                    0x08000104   Section       36  startup_stm32f10x_md.o(.text)
    .text                                    0x08000128   Section       36  init.o(.text)
    i.Calcul_DutyCycle_SERVOMTR              0x0800014c   Section        0  servomtr.o(i.Calcul_DutyCycle_SERVOMTR)
    i.Commande_SERVOMTR                      0x080001c4   Section        0  servomtr.o(i.Commande_SERVOMTR)
    i.Conf_Girouette                         0x080001e0   Section        0  girouette.o(i.Conf_Girouette)
    i.GPIO_Config                            0x08000204   Section        0  girouette.o(i.GPIO_Config)
    i.Get_Angle_Girouette                    0x08000240   Section        0  girouette.o(i.Get_Angle_Girouette)
    i.Init_SERVOMTR                          0x08000254   Section        0  servomtr.o(i.Init_SERVOMTR)
    i.Initialisation                         0x08000278   Section        0  principal.o(i.Initialisation)
    i.MyGPIO_Init                            0x08000284   Section        0  gpio.o(i.MyGPIO_Init)
    i.MyTimer_Base_Init                      0x08000334   Section        0  timer.o(i.MyTimer_Base_Init)
    i.SetSysClock                            0x080003a8   Section        0  system_stm32f10x.o(i.SetSysClock)
    SetSysClock                              0x080003a9   Thumb Code     8  system_stm32f10x.o(i.SetSysClock)
    i.SetSysClockTo72                        0x080003b0   Section        0  system_stm32f10x.o(i.SetSysClockTo72)
    SetSysClockTo72                          0x080003b1   Thumb Code   214  system_stm32f10x.o(i.SetSysClockTo72)
    i.SystemInit                             0x08000490   Section        0  system_stm32f10x.o(i.SystemInit)
    i.TIM1_UP_IRQHandler                     0x080004f0   Section        0  timer.o(i.TIM1_UP_IRQHandler)
    i.TIM2_IRQHandler                        0x08000510   Section        0  timer.o(i.TIM2_IRQHandler)
    i.TIM3_IRQHandler                        0x08000530   Section        0  timer.o(i.TIM3_IRQHandler)
    i.TIM4_IRQHandler                        0x08000550   Section        0  timer.o(i.TIM4_IRQHandler)
    i.TIMER_Config                           0x08000570   Section        0  girouette.o(i.TIMER_Config)
    i.Timer_PWM_DutyCycle_Fix                0x0800059c   Section        0  timer.o(i.Timer_PWM_DutyCycle_Fix)
    i.Timer_PWM_Init                         0x080005fa   Section        0  timer.o(i.Timer_PWM_Init)
    i.__scatterload_copy                     0x080006a8   Section       14  handlers.o(i.__scatterload_copy)
    i.__scatterload_null                     0x080006b6   Section        2  handlers.o(i.__scatterload_null)
    i.__scatterload_zeroinit                 0x080006b8   Section       14  handlers.o(i.__scatterload_zeroinit)
    i.main                                   0x080006c8   Section        0  principal.o(i.main)
    .constdata                               0x080006e4   Section       24  girouette.o(.constdata)
    .data                                    0x20000000   Section        4  principal.o(.data)
    .data                                    0x20000004   Section        8  girouette.o(.data)
    .data                                    0x2000000c   Section       16  servomtr.o(.data)
    .data                                    0x2000001c   Section        4  timer.o(.data)
    STACK                                    0x20000020   Section     1024  startup_stm32f10x_md.o(STACK)

    Global Symbols

    Symbol Name                              Value     Ov Type        Size  Object(Section)

    BuildAttributes$$THM_ISAv4$P$D$K$B$S$PE$A:L22UL41UL21$X:L11$S22US41US21$IEEE1$IW$USESV6$~STKCKD$USESV7$~SHL$OSPACE$EBA8$MICROLIB$REQ8$PRES8$EABIv2 0x00000000   Number         0  anon$$obj.o ABSOLUTE
    __ARM_use_no_argv                        0x00000000   Number         0  principal.o ABSOLUTE
    __arm_fini_                               - Undefined Weak Reference
    __cpp_initialize__aeabi_                  - Undefined Weak Reference
    __cxa_finalize                            - Undefined Weak Reference
    __decompress                              - Undefined Weak Reference
    _clock_init                               - Undefined Weak Reference
    _microlib_exit                            - Undefined Weak Reference
    __Vectors_Size                           0x000000ec   Number         0  startup_stm32f10x_md.o ABSOLUTE
    __Vectors                                0x08000000   Data           4  startup_stm32f10x_md.o(RESET)
    __Vectors_End                            0x080000ec   Data           0  startup_stm32f10x_md.o(RESET)
    __main                                   0x080000ed   Thumb Code     0  entry.o(.ARM.Collect$$$$00000000)
    _main_stk                                0x080000ed   Thumb Code     0  entry2.o(.ARM.Collect$$$$00000001)
    _main_scatterload                        0x080000f1   Thumb Code     0  entry5.o(.ARM.Collect$$$$00000004)
    __main_after_scatterload                 0x080000f5   Thumb Code     0  entry5.o(.ARM.Collect$$$$00000004)
    _main_clock                              0x080000f5   Thumb Code     0  entry7b.o(.ARM.Collect$$$$00000008)
    _main_cpp_init                           0x080000f5   Thumb Code     0  entry8b.o(.ARM.Collect$$$$0000000A)
    _main_init                               0x080000f5   Thumb Code     0  entry9a.o(.ARM.Collect$$$$0000000B)
    __rt_lib_shutdown_fini                   0x080000fd   Thumb Code     0  entry12b.o(.ARM.Collect$$$$0000000E)
    __rt_final_cpp                           0x08000101   Thumb Code     0  entry10a.o(.ARM.Collect$$$$0000000F)
    __rt_final_exit                          0x08000101   Thumb Code     0  entry11a.o(.ARM.Collect$$$$00000011)
    Reset_Handler                            0x08000105   Thumb Code     8  startup_stm32f10x_md.o(.text)
    NMI_Handler                              0x0800010d   Thumb Code     2  startup_stm32f10x_md.o(.text)
    HardFault_Handler                        0x0800010f   Thumb Code     2  startup_stm32f10x_md.o(.text)
    MemManage_Handler                        0x08000111   Thumb Code     2  startup_stm32f10x_md.o(.text)
    BusFault_Handler                         0x08000113   Thumb Code     2  startup_stm32f10x_md.o(.text)
    UsageFault_Handler                       0x08000115   Thumb Code     2  startup_stm32f10x_md.o(.text)
    SVC_Handler                              0x08000117   Thumb Code     2  startup_stm32f10x_md.o(.text)
    DebugMon_Handler                         0x08000119   Thumb Code     2  startup_stm32f10x_md.o(.text)
    PendSV_Handler                           0x0800011b   Thumb Code     2  startup_stm32f10x_md.o(.text)
    SysTick_Handler                          0x0800011d   Thumb Code     2  startup_stm32f10x_md.o(.text)
    ADC1_2_IRQHandler                        0x0800011f   Thumb Code     0  startup_stm32f10x_md.o(.text)
    CAN1_RX1_IRQHandler                      0x0800011f   Thumb Code     0  startup_stm32f10x_md.o(.text)
    CAN1_SCE_IRQHandler                      0x0800011f   Thumb Code     0  startup_stm32f10x_md.o(.text)
    DMA1_Channel1_IRQHandler                 0x0800011f   Thumb Code     0  startup_stm32f10x_md.o(.text)
    DMA1_Channel2_IRQHandler                 0x0800011f   Thumb Code     0  startup_stm32f10x_md.o(.text)
    DMA1_Channel3_IRQHandler                 0x0800011f   Thumb Code     0  startup_stm32f10x_md.o(.text)
    DMA1_Channel4_IRQHandler                 0x0800011f   Thumb Code     0  startup_stm32f10x_md.o(.text)
    DMA1_Channel5_IRQHandler                 0x0800011f   Thumb Code     0  startup_stm32f10x_md.o(.text)
    DMA1_Channel6_IRQHandler                 0x0800011f   Thumb Code     0  startup_stm32f10x_md.o(.text)
    DMA1_Channel7_IRQHandler                 0x0800011f   Thumb Code     0  startup_stm32f10x_md.o(.text)
    EXTI0_IRQHandler                         0x0800011f   Thumb Code     0  startup_stm32f10x_md.o(.text)
    EXTI15_10_IRQHandler                     0x0800011f   Thumb Code     0  startup_stm32f10x_md.o(.text)
    EXTI1_IRQHandler                         0x0800011f   Thumb Code     0  startup_stm32f10x_md.o(.text)
    EXTI2_IRQHandler                         0x0800011f   Thumb Code     0  startup_stm32f10x_md.o(.text)
    EXTI3_IRQHandler                         0x0800011f   Thumb Code     0  startup_stm32f10x_md.o(.text)
    EXTI4_IRQHandler                         0x0800011f   Thumb Code     0  startup_stm32f10x_md.o(.text)
    EXTI9_5_IRQHandler                       0x0800011f   Thumb Code     0  startup_stm32f10x_md.o(.text)
    FLASH_IRQHandler                         0x0800011f   Thumb Code     0  startup_stm32f10x_md.o(.text)
    I2C1_ER_IRQHandler                       0x0800011f   Thumb Code     0  startup_stm32f10x_md.o(.text)
    I2C1_EV_IRQHandler                       0x0800011f   Thumb Code     0  startup_stm32f10x_md.o(.text)
    I2C2_ER_IRQHandler                       0x0800011f   Thumb Code     0  startup_stm32f10x_md.o(.text)
    I2C2_EV_IRQHandler                       0x0800011f   Thumb Code     0  startup_stm32f10x_md.o(.text)
    PVD_IRQHandler                           0x0800011f   Thumb Code     0  startup_stm32f10x_md.o(.text)
    RCC_IRQHandler                           0x0800011f   Thumb Code     0  startup_stm32f10x_md.o(.text)
    RTCAlarm_IRQHandler                      0x0800011f   Thumb Code     0  startup_stm32f10x_md.o(.text)
    RTC_IRQHandler                           0x0800011f   Thumb Code     0  startup_stm32f10x_md.o(.text)
    SPI1_IRQHandler                          0x0800011f   Thumb Code     0  startup_stm32f10x_md.o(.text)
    SPI2_IRQHandler                          0x0800011f   Thumb Code     0  startup_stm32f10x_md.o(.text)
    TAMPER_IRQHandler                        0x0800011f   Thumb Code     0  startup_stm32f10x_md.o(.text)
    TIM1_BRK_IRQHandler                      0x0800011f   Thumb Code     0  startup_stm32f10x_md.o(.text)
    TIM1_CC_IRQHandler                       0x0800011f   Thumb Code     0  startup_stm32f10x_md.o(.text)
    TIM1_TRG_COM_IRQHandler                  0x0800011f   Thumb Code     0  startup_stm32f10x_md.o(.text)
    USART1_IRQHandler                        0x0800011f   Thumb Code     0  startup_stm32f10x_md.o(.text)
    USART2_IRQHandler                        0x0800011f   Thumb Code     0  startup_stm32f10x_md.o(.text)
    USART3_IRQHandler                        0x0800011f   Thumb Code     0  startup_stm32f10x_md.o(.text)
    USBWakeUp_IRQHandler                     0x0800011f   Thumb Code     0  startup_stm32f10x_md.o(.text)
    USB_HP_CAN1_TX_IRQHandler                0x0800011f   Thumb Code     0  startup_stm32f10x_md.o(.text)
    USB_LP_CAN1_RX0_IRQHandler               0x0800011f   Thumb Code     0  startup_stm32f10x_md.o(.text)
    WWDG_IRQHandler                          0x0800011f   Thumb Code     0  startup_stm32f10x_md.o(.text)
    __scatterload                            0x08000129   Thumb Code    28  init.o(.text)
    __scatterload_rt2                        0x08000129   Thumb Code     0  init.o(.text)
    Calcul_DutyCycle_SERVOMTR                0x0800014d   Thumb Code   118  servomtr.o(i.Calcul_DutyCycle_SERVOMTR)
    Commande_SERVOMTR                        0x080001c5   Thumb Code    24  servomtr.o(i.Commande_SERVOMTR)
    Conf_Girouette                           0x080001e1   Thumb Code    32  girouette.o(i.Conf_Girouette)
    GPIO_Config                              0x08000205   Thumb Code    54  girouette.o(i.GPIO_Config)
    Get_Angle_Girouette                      0x08000241   Thumb Code    18  girouette.o(i.Get_Angle_Girouette)
    Init_SERVOMTR                            0x08000255   Thumb Code    24  servomtr.o(i.Init_SERVOMTR)
    Initialisation                           0x08000279   Thumb Code    12  principal.o(i.Initialisation)
    MyGPIO_Init                              0x08000285   Thumb Code   164  gpio.o(i.MyGPIO_Init)
    MyTimer_Base_Init                        0x08000335   Thumb Code   104  timer.o(i.MyTimer_Base_Init)
    SystemInit                               0x08000491   Thumb Code    78  system_stm32f10x.o(i.SystemInit)
    TIM1_UP_IRQHandler                       0x080004f1   Thumb Code    22  timer.o(i.TIM1_UP_IRQHandler)
    TIM2_IRQHandler                          0x08000511   Thumb Code    26  timer.o(i.TIM2_IRQHandler)
    TIM3_IRQHandler                          0x08000531   Thumb Code    22  timer.o(i.TIM3_IRQHandler)
    TIM4_IRQHandler                          0x08000551   Thumb Code    22  timer.o(i.TIM4_IRQHandler)
    TIMER_Config                             0x08000571   Thumb Code    40  girouette.o(i.TIMER_Config)
    Timer_PWM_DutyCycle_Fix                  0x0800059d   Thumb Code    94  timer.o(i.Timer_PWM_DutyCycle_Fix)
    Timer_PWM_Init                           0x080005fb   Thumb Code   174  timer.o(i.Timer_PWM_Init)
    __scatterload_copy                       0x080006a9   Thumb Code    14  handlers.o(i.__scatterload_copy)
    __scatterload_null                       0x080006b7   Thumb Code     2  handlers.o(i.__scatterload_null)
    __scatterload_zeroinit                   0x080006b9   Thumb Code    14  handlers.o(i.__scatterload_zeroinit)
    main                                     0x080006c9   Thumb Code    24  principal.o(i.main)
    Region$$Table$$Base                      0x080006fc   Number         0  anon$$obj.o(Region$$Table)
    Region$$Table$$Limit                     0x0800071c   Number         0  anon$$obj.o(Region$$Table)
    angle                                    0x20000000   Data           4  principal.o(.data)
    MTIM2                                    0x20000004   Data           8  girouette.o(.data)
    TI                                       0x2000000c   Data           8  servomtr.o(.data)
    GPA6                                     0x20000014   Data           8  servomtr.o(.data)
    p_function                               0x2000001c   Data           4  timer.o(.data)
    __initial_sp                             0x20000420   Data           0  startup_stm32f10x_md.o(STACK)



==============================================================================

Memory Map of the image

  Image Entry point : 0x08000105

  Load Region LR_1 (Base: 0x08000000, Size: 0x0000073c, Max: 0xffffffff, ABSOLUTE)

    Execution Region ER_RO (Exec base: 0x08000000, Load base: 0x08000000, Size: 0x0000071c, Max: 0xffffffff, ABSOLUTE)

    Exec Addr    Load Addr    Size         Type   Attr      Idx    E Section Name        Object

    0x08000000   0x08000000   0x000000ec   Data   RO          300    RESET               startup_stm32f10x_md.o
    0x080000ec   0x080000ec   0x00000000   Code   RO          351  * .ARM.Collect$$$$00000000  mc_w.l(entry.o)
    0x080000ec   0x080000ec   0x00000004   Code   RO          354    .ARM.Collect$$$$00000001  mc_w.l(entry2.o)
    0x080000f0   0x080000f0   0x00000004   Code   RO          357    .ARM.Collect$$$$00000004  mc_w.l(entry5.o)
    0x080000f4   0x080000f4   0x00000000   Code   RO          359    .ARM.Collect$$$$00000008  mc_w.l(entry7b.o)
    0x080000f4   0x080000f4   0x00000000   Code   RO          361    .ARM.Collect$$$$0000000A  mc_w.l(entry8b.o)
    0x080000f4   0x080000f4   0x00000008   Code   RO          362    .ARM.Collect$$$$0000000B  mc_w.l(entry9a.o)
    0x080000fc   0x080000fc   0x00000004   Code   RO          369    .ARM.Collect$$$$0000000E  mc_w.l(entry12b.o)
    0x08000100   0x08000100   0x00000000   Code   RO          364    .ARM.Collect$$$$0000000F  mc_w.l(entry10a.o)
    0x08000100   0x08000100   0x00000000   Code   RO          366    .ARM.Collect$$$$00000011  mc_w.l(entry11a.o)
    0x08000100   0x08000100   0x00000004   Code   RO          355    .ARM.Collect$$$$00002712  mc_w.l(entry2.o)
    0x08000104   0x08000104   0x00000024   Code   RO          301  * .text               startup_stm32f10x_md.o
    0x08000128   0x08000128   0x00000024   Code   RO          370    .text               mc_w.l(init.o)
    0x0800014c   0x0800014c   0x00000076   Code   RO          176    i.Calcul_DutyCycle_SERVOMTR  servomtr.o
    0x080001c2   0x080001c2   0x00000002   PAD
    0x080001c4   0x080001c4   0x0000001c   Code   RO          177    i.Commande_SERVOMTR  servomtr.o
    0x080001e0   0x080001e0   0x00000024   Code   RO           82    i.Conf_Girouette    girouette.o
    0x08000204   0x08000204   0x0000003c   Code   RO           83    i.GPIO_Config       girouette.o
    0x08000240   0x08000240   0x00000012   Code   RO           84    i.Get_Angle_Girouette  girouette.o
    0x08000252   0x08000252   0x00000002   PAD
    0x08000254   0x08000254   0x00000024   Code   RO          178    i.Init_SERVOMTR     servomtr.o
    0x08000278   0x08000278   0x0000000c   Code   RO            4    i.Initialisation    principal.o
    0x08000284   0x08000284   0x000000b0   Code   RO          128    i.MyGPIO_Init       gpio.o
    0x08000334   0x08000334   0x00000074   Code   RO          216    i.MyTimer_Base_Init  timer.o
    0x080003a8   0x080003a8   0x00000008   Code   RO          308    i.SetSysClock       system_stm32f10x.o
    0x080003b0   0x080003b0   0x000000e0   Code   RO          309    i.SetSysClockTo72   system_stm32f10x.o
    0x08000490   0x08000490   0x00000060   Code   RO          311    i.SystemInit        system_stm32f10x.o
    0x080004f0   0x080004f0   0x00000020   Code   RO          217    i.TIM1_UP_IRQHandler  timer.o
    0x08000510   0x08000510   0x00000020   Code   RO          218    i.TIM2_IRQHandler   timer.o
    0x08000530   0x08000530   0x00000020   Code   RO          219    i.TIM3_IRQHandler   timer.o
    0x08000550   0x08000550   0x00000020   Code   RO          220    i.TIM4_IRQHandler   timer.o
    0x08000570   0x08000570   0x0000002c   Code   RO           85    i.TIMER_Config      girouette.o
    0x0800059c   0x0800059c   0x0000005e   Code   RO          221    i.Timer_PWM_DutyCycle_Fix  timer.o
    0x080005fa   0x080005fa   0x000000ae   Code   RO          222    i.Timer_PWM_Init    timer.o
    0x080006a8   0x080006a8   0x0000000e   Code   RO          374    i.__scatterload_copy  mc_w.l(handlers.o)
    0x080006b6   0x080006b6   0x00000002   Code   RO          375    i.__scatterload_null  mc_w.l(handlers.o)
    0x080006b8   0x080006b8   0x0000000e   Code   RO          376    i.__scatterload_zeroinit  mc_w.l(handlers.o)
    0x080006c6   0x080006c6   0x00000002   PAD
    0x080006c8   0x080006c8   0x0000001c   Code   RO            5    i.main              principal.o
    0x080006e4   0x080006e4   0x00000018   Data   RO           86    .constdata          girouette.o
    0x080006fc   0x080006fc   0x00000020   Data   RO          372    Region$$Table       anon$$obj.o


    Execution Region ER_RW (Exec base: 0x20000000, Load base: 0x0800071c, Size: 0x00000020, Max: 0xffffffff, ABSOLUTE)

    Exec Addr    Load Addr    Size         Type   Attr      Idx    E Section Name        Object

    0x20000000   0x0800071c   0x00000004   Data   RW            6    .data               principal.o
    0x20000004   0x08000720   0x00000008   Data   RW           87    .data               girouette.o
    0x2000000c   0x08000728   0x00000010   Data   RW          179    .data               servomtr.o
    0x2000001c   0x08000738   0x00000004   Data   RW          225    .data               timer.o


    Execution Region ER_ZI (Exec base: 0x20000020, Load base: 0x0800073c, Size: 0x00000400, Max: 0xffffffff, ABSOLUTE)

    Exec Addr    Load Addr    Size         Type   Attr      Idx    E Section Name        Object

    0x20000020        -       0x00000400   Zero   RW          298    STACK               startup_stm32f10x_md.o


==============================================================================

Image component sizes


      Code (inc. data)   RO Data    RW Data    ZI Data      Debug   Object Name

       158         14         24          8          0       1960   girouette.o
       176         12          0          0          0        818   gpio.o
        40          4          0          4          0     208324   principal.o
       182         16          0         16          0       1766   servomtr.o
        36          8        236          0       1024        796   startup_stm32f10x_md.o
       328         28          0          0          0       1917   system_stm32f10x.o
       512         48          0          4          0       4287   timer.o

    ----------------------------------------------------------------------
      1436        130        292         32       1024     219868   Object Totals
         0          0         32          0          0          0   (incl. Generated)
         4          0          0          0          0          0   (incl. Padding)

    ----------------------------------------------------------------------

      Code (inc. data)   RO Data    RW Data    ZI Data      Debug   Library Member Name

         0          0          0          0          0          0   entry.o
         0          0          0          0          0          0   entry10a.o
         0          0          0          0          0          0   entry11a.o
         4          0          0          0          0          0   entry12b.o
         8          4          0          0          0          0   entry2.o
         4          0          0          0          0          0   entry5.o
         0          0          0          0          0          0   entry7b.o
         0          0          0          0          0          0   entry8b.o
         8          4          0          0          0          0   entry9a.o
        30          0          0          0          0          0   handlers.o
        36          8          0          0          0         68   init.o

    ----------------------------------------------------------------------
        92         16          0          0          0         68   Library Totals
         2          0          0          0          0          0   (incl. Padding)

    ----------------------------------------------------------------------

      Code (inc. data)   RO Data    RW Data    ZI Data      Debug   Library Name

        90         16          0          0          0         68   mc_w.l

    ----------------------------------------------------------------------
        92         16          0          0          0         68   Library Totals

    ----------------------------------------------------------------------

==============================================================================


      Code (inc. data)   RO Data    RW Data    ZI Data      Debug   

      1528        146        292         32       1024     219152   Grand Totals
      1528        146        292         32       1024     219152   ELF Image Totals
      1528        146        292         32          0          0   ROM Totals

==============================================================================

    Total RO  Size (Code + RO Data)                 1820 (   1.78kB)
    Total RW  Size (RW Data + ZI Data)              1056 (   1.03kB)
    Total ROM Size (Code + RO Data + RW Data)       1852 (   1.81kB)

==============================================================================

